
=== Europeana (europeana) ===
europeana/art: 3921/160000 kept (40 pages, total 865996)
europeana/photography: 3953/80000 kept (40 pages, total 3920877)
europeana/archaeology: 3996/45000 kept (40 pages, total 896149)
europeana/photography: 7953/80000 kept (80 pages, total 3920877)
europeana/archaeology: 7994/45000 kept (80 pages, total 896149)
europeana/art: 7888/160000 kept (80 pages, total 865996)
europeana/photography: 11953/80000 kept (120 pages, total 3920877)
europeana/archaeology: 11994/45000 kept (120 pages, total 896149)
europeana/art: 11888/160000 kept (120 pages, total 865996)
europeana/photography: 15953/80000 kept (160 pages, total 3920877)
europeana/archaeology: 15994/45000 kept (160 pages, total 896149)
europeana/art: 15888/160000 kept (160 pages, total 865996)
europeana/photography: 19952/80000 kept (200 pages, total 3920877)
europeana/archaeology: 19994/45000 kept (200 pages, total 896149)
europeana/photography: 23948/80000 kept (240 pages, total 3920877)
europeana/art: 19888/160000 kept (200 pages, total 865996)
europeana/archaeology: 21391/45000 kept (240 pages, total 896149)
europeana/archaeology: 21754/45000 kept (280 pages, total 896149)
europeana/photography: 27948/80000 kept (280 pages, total 3920877)
europeana/art: 23888/160000 kept (240 pages, total 865996)
europeana/archaeology: 22104/45000 kept (320 pages, total 896149)
europeana/art: 27888/160000 kept (280 pages, total 865996)
europeana/photography: 31948/80000 kept (320 pages, total 3920877)
europeana/archaeology: 23215/45000 kept (360 pages, total 896149)
europeana/art: 31885/160000 kept (320 pages, total 865996)
europeana/photography: 35948/80000 kept (360 pages, total 3920877)
europeana/archaeology: 27215/45000 kept (400 pages, total 896149)
europeana/photography: 39948/80000 kept (400 pages, total 3920877)
europeana/art: 35884/160000 kept (360 pages, total 865996)
europeana/archaeology: 31215/45000 kept (440 pages, total 896149)
europeana/art: 39884/160000 kept (400 pages, total 865996)
europeana/archaeology: 35215/45000 kept (480 pages, total 896149)
europeana/photography: 43948/80000 kept (440 pages, total 3920877)
europeana/art: 43884/160000 kept (440 pages, total 865996)
europeana/archaeology: 39215/45000 kept (520 pages, total 896149)
europeana/photography: 47948/80000 kept (480 pages, total 3920877)
europeana/archaeology: 41388/45000 kept (560 pages, total 896149)
europeana/art: 47884/160000 kept (480 pages, total 865996)
europeana/photography: 51948/80000 kept (520 pages, total 3920877)
europeana/archaeology: 41388/45000 kept (600 pages, total 896149)
europeana/art: 51884/160000 kept (520 pages, total 865996)
europeana/photography: 55948/80000 kept (560 pages, total 3920877)
europeana/archaeology: 41388/45000 kept (640 pages, total 896149)
europeana/art: 55884/160000 kept (560 pages, total 865996)
europeana/archaeology: 41388/45000 kept (680 pages, total 896149)
europeana/photography: 59948/80000 kept (600 pages, total 3920877)
europeana/art: 59884/160000 kept (600 pages, total 865996)
europeana/archaeology: 44605/45000 kept (720 pages, total 896149)
europeana/archaeology: done, 45000 kept
europeana/photography: 63948/80000 kept (640 pages, total 3920877)
europeana/art: 63884/160000 kept (640 pages, total 865996)
europeana/industrial: 4000/40000 kept (40 pages, total 378288)
europeana/photography: 67948/80000 kept (680 pages, total 3920877)
europeana/art: 67884/160000 kept (680 pages, total 865996)
europeana/industrial: 8000/40000 kept (80 pages, total 378288)
europeana/photography: 71948/80000 kept (720 pages, total 3920877)
europeana/art: 71884/160000 kept (720 pages, total 865996)
europeana/industrial: 12000/40000 kept (120 pages, total 378288)
europeana/art: 75884/160000 kept (760 pages, total 865996)
europeana/photography: 75948/80000 kept (760 pages, total 3920877)
europeana/industrial: 16000/40000 kept (160 pages, total 378288)
europeana/art: 79883/160000 kept (800 pages, total 865996)
europeana/photography: 79948/80000 kept (800 pages, total 3920877)
europeana/photography: done, 80000 kept
europeana/industrial: 20000/40000 kept (200 pages, total 378288)
europeana/art: 83874/160000 kept (840 pages, total 865996)
europeana/fashion: 4000/40000 kept (40 pages, total 68065)
europeana/art: 87779/160000 kept (880 pages, total 865996)
europeana/industrial: 24000/40000 kept (240 pages, total 378288)
europeana/fashion: 8000/40000 kept (80 pages, total 68065)
europeana/art: 91779/160000 kept (920 pages, total 865996)
europeana/fashion: 12000/40000 kept (120 pages, total 68065)
europeana/industrial: 28000/40000 kept (280 pages, total 378288)
europeana/art: 95779/160000 kept (960 pages, total 865996)
europeana/industrial: 32000/40000 kept (320 pages, total 378288)
europeana/fashion: 16000/40000 kept (160 pages, total 68065)
europeana/art: 99779/160000 kept (1000 pages, total 865996)
europeana/industrial: 36000/40000 kept (360 pages, total 378288)
europeana/fashion: 20000/40000 kept (200 pages, total 68065)
europeana/art: 103775/160000 kept (1040 pages, total 865996)
europeana/industrial: 40000/40000 kept (400 pages, total 378288)
europeana/industrial: done, 40000 kept
europeana/fashion: 24000/40000 kept (240 pages, total 68065)
europeana/art: 107773/160000 kept (1080 pages, total 865996)
europeana/music: 3809/20000 kept (40 pages, total 59528)
europeana/fashion: 28000/40000 kept (280 pages, total 68065)
europeana/music: 7809/20000 kept (80 pages, total 59528)
europeana/art: 111736/160000 kept (1120 pages, total 865996)
europeana/fashion: 30197/40000 kept (320 pages, total 68065)
europeana/music: 11809/20000 kept (120 pages, total 59528)
europeana/art: 115736/160000 kept (1160 pages, total 865996)
europeana/fashion: 34146/40000 kept (360 pages, total 68065)
europeana/music: 14973/20000 kept (160 pages, total 59528)
europeana/art: 119736/160000 kept (1200 pages, total 865996)
europeana/fashion: 38146/40000 kept (400 pages, total 68065)
europeana/music: 18973/20000 kept (200 pages, total 59528)
europeana/art: 123736/160000 kept (1240 pages, total 865996)
europeana/music: done, 20000 kept
europeana/fashion: done, 40000 kept
europeana/art: 127736/160000 kept (1280 pages, total 865996)
europeana/manuscript: 4000/15000 kept (40 pages, total 24844)
europeana/art: 131736/160000 kept (1320 pages, total 865996)
europeana/manuscript: 8000/15000 kept (80 pages, total 24844)
europeana/art: 135736/160000 kept (1360 pages, total 865996)
europeana/manuscript: 11997/15000 kept (120 pages, total 24844)
europeana/manuscript: done, 15000 kept
europeana/art: 139721/160000 kept (1400 pages, total 865996)
europeana/art: 143721/160000 kept (1440 pages, total 865996)
europeana/art: 147721/160000 kept (1480 pages, total 865996)
europeana/art: 151721/160000 kept (1520 pages, total 865996)
europeana/art: 155721/160000 kept (1560 pages, total 865996)
europeana/art: 159721/160000 kept (1600 pages, total 865996)
europeana/art: done, 160000 kept
europeana: total staged 359130
--- europeana: 359130 records in staging (1223s)
