
=== Flickr Commons (flickr) ===
flickr/Internet Archive Book Images: page 40/10628, 17706 kept
flickr/Internet Archive Book Images: page 80/10628, 36105 kept
flickr/Internet Archive Book Images: page 120/10628, 54691 kept
flickr/Internet Archive Book Images: page 160/10628, 72971 kept
flickr/Internet Archive Book Images: page 200/10628, 91597 kept
flickr/Internet Archive Book Images: page 240/10628, 110492 kept
flickr/Internet Archive Book Images: page 280/10628, 129801 kept
flickr/Internet Archive Book Images: page 320/10628, 148530 kept
flickr/Internet Archive Book Images: 150000 kept
flickr: 124 Commons institutions
flickr/new zealand maritime museum: 1498 kept
flickr/menloparkplanning: 2142 kept
flickr/Eötvös Loránd University Faculty of Law Library: 4502 kept
flickr/Auckland War Memorial Museum Tāmaki Paenga Hira: 802 kept
flickr/Port Morien Digital Archive: 2900 kept
flickr/Community Archives of Belleville & Hastings County: 10000 kept
flickr/archivesatncbs: 24 kept
flickr/Marshall Public Library: 3923 kept
flickr/Boston Public Library Digital: 854 kept
flickr/San Francisco Public Library: 885 kept
flickr/CADL_LocalHistory: 1292 kept
flickr/Randolph Historical VT: 971 kept
flickr/LetterformArchive: 2229 kept
flickr/CommonsPrivacyTest: 0 kept
flickr/CommonsTestAccount: 7 kept
flickr/NavyMedicine: 10000 kept
flickr/Colección Amadeo León - Boconó: 10000 kept
flickr/Médiathèques Valence Romans agglomération: 2900 kept
flickr/Halifax Municipal Archives: 1542 kept
flickr/Armenian Studies Program, Fresno State: 469 kept
flickr/UC Berkeley, Department of Geography: 434 kept
flickr/Liberas: 314 kept
flickr/East Riding Archives: 813 kept
flickr/Camden Public Library (Maine): 266 kept
flickr/American Aviation Historical Society: 606 kept
flickr/The Gallen-Kallela Museum: 858 kept
flickr/Sinaloa Fotografías Históricas: 10000 kept
flickr/Presidency Of The Republic Of Turkey Directorate o: 49 kept
flickr/Regionaal Archief Alkmaar Commons: 2354 kept
flickr/UVicLibraries: 1293 kept
flickr/Congregation of Sisters of St. Joseph in Canada: 226 kept
flickr/VCU Libraries Commons: 1816 kept
flickr/Vestfoldmuseene | Vestfold Museums: 639 kept
flickr/Aalto University Library and Archive Commons: 809 kept
flickr/Senado Federal do Brasil: 482 kept
flickr/Huron County Museum & Historic Gaol: 1257 kept
flickr/Archives of the Finnish Broadcasting Company Yle: 239 kept
flickr/Archives of Medicine - NLM - NIH: 7690 kept
flickr/The Graduate Institute, Geneva: 64 kept
flickr/Université de Caen Normandie: 2133 kept
flickr/Trinity Laban Conservatoire of Music and Dance: 80 kept
flickr/Cloyne & District Historical Society: 3159 kept
flickr/tyrrellhistoricallibrary: 156 kept
flickr/Preus museum: 1943 kept
flickr/Local History & Archives, Hamilton Public Library: 741 kept
flickr/UBC Library Digitization Centre: 2498 kept
flickr/Salt Research: 2335 kept
flickr/Tasmanian Archives and State Library (Commons): 1120 kept
flickr/The Finnish Museum of Photography: 581 kept
flickr/Library Company of Philadelphia: 1277 kept
flickr/Provincial Archives of Alberta: 3154 kept
flickr/Miami U. Libraries - Digital Collections: 9442 kept
flickr/The British Library: page 40/2148, 20000 kept
flickr/The British Library: page 80/2148, 40000 kept
flickr/The British Library: 40000 kept
flickr/Costică Acsinte Archive: 9096 kept
flickr/National Library of Norway: 3671 kept
flickr/libraryrahs@gmail.com: 2478 kept
flickr/Fotoarkivet NTM: 261 kept
flickr/California Historical Society Digital Collection: 749 kept
flickr/Schlesinger Library, RIAS, Harvard University: 5049 kept
flickr/National Museum of Denmark: 438 kept
flickr/Svenska litteratursällskapet i Finland: 997 kept
flickr/National Archives of Estonia: 448 kept
flickr/Het Nieuwe Instituut - Architecture Collection: 908 kept
flickr/Dundas Museum and Archives: 560 kept
flickr/UL Digital Library: 0 kept
flickr/Mennonite Church USA Archives: 10000 kept
flickr/Archives of the Law Society of Ontario: 2043 kept
flickr/MHNSW - State Archives Collection: 3800 kept
flickr/Public Record Office of Northern Ireland: 3664 kept
flickr/Deseronto Archives: 2174 kept
flickr/Stockholm Transport Museum Commons: 250 kept
flickr/National Library of Australia Commons: 1222 kept
flickr/Nasjonalarkivet (The National Archives of Norway): 2819 kept
flickr/Royal Danish Library: 134 kept
flickr/Museum of Photographic Arts Collections: 940 kept
flickr/National Library of Ireland on The Commons: 4326 kept
flickr/North East Museums: 4739 kept
flickr/San Diego Air & Space Museum Archives: 10000 kept
flickr/Museum of Hartlepool: 309 kept
flickr/Woodrow Wilson Presidential Library Archives: 628 kept
flickr/NASA on The Commons: 3481 kept
flickr/National Library of Scotland: 2313 kept
flickr/Ljósmyndasafn Reykjavíkur / Reykjavík Museum of: 237 kept
flickr/Keene and Cheshire County (NH) Historical Photos: 2048 kept
flickr/Fylkesarkivet i Vestland: 1148 kept
flickr/Cornell University Library: 3971 kept
flickr/Australian National Maritime Museum on The Commons: 3555 kept
flickr/SMU Libraries Digital Collections: 10000 kept
flickr/Texas State Archives: 1425 kept
flickr/Center for Jewish History, NYC: 1879 kept
flickr/UA Archives | Upper Arlington History: 218 kept
flickr/The National Archives UK: 10000 kept
flickr/UW Digital Collections: 801 kept
flickr/U.S. National Archives: 10000 kept
flickr/Bergen Public Library: 1036 kept
flickr/LSE Library: 4079 kept
flickr/JWA Commons: 80 kept
flickr/Galt Museum & Archives on The Commons: 419 kept
flickr/Getty Research Institute: 72 kept
flickr/LlGC ~ NLW: 2350 kept
flickr/The Field Museum Library: 1672 kept
flickr/DC Public Library Commons: 266 kept
flickr/Swedish National Heritage Board: 2050 kept
flickr/nha.library: 0 kept
flickr/OSU Special Collections & Archives : Commons: 3176 kept
flickr/State Library and Archives of Florida: 5016 kept
flickr/State Library of Queensland, Australia: 10000 kept
flickr/National Galleries of Scotland Commons: 260 kept
flickr/New York Public Library: 2525 kept
flickr/National Library NZ on The Commons: 4307 kept
flickr/IWM Collections: 713 kept
flickr/Australian War Memorial collection: 279 kept
flickr/Nationaal Archief: 1679 kept
flickr/Musée McCord Stewart Museum: 689 kept
flickr/The Library of Virginia: 1258 kept
flickr/State Library of NSW: 5095 kept
flickr/Royal Museums Greenwich: 0 kept
flickr/National Science and Media Museum: 356 kept
flickr/George Eastman Museum: 1002 kept
flickr/bibliothequedetoulouse: 3345 kept
flickr/Powerhouse Museum Collection: 2527 kept
flickr/The Library of Congress: page 40/92, 19998 kept
flickr/The Library of Congress: page 80/92, 39998 kept
flickr/The Library of Congress: 40000 kept
flickr: total staged 522798
--- flickr: 522798 records in staging (1395s)
