
=== The Met (met) ===
met: csv already loaded (248472 public-domain rows)
met: 247618 objects to fetch (854 done)
met: error on 339671: HTTP 403 for https://collectionapi.metmuseum.org/public/collection/v1/objects/339671 (1 in a row)
met: error on 313386: HTTP 403 for https://collectionapi.metmuseum.org/public/collection/v1/objects/313386 (2 in a row)
met: error on 324917: HTTP 403 for https://collectionapi.metmuseum.org/public/collection/v1/objects/324917 (3 in a row)
met: error on 458977: HTTP 403 for https://collectionapi.metmuseum.org/public/collection/v1/objects/458977 (1 in a row)
met: error on 337058: HTTP 403 for https://collectionapi.metmuseum.org/public/collection/v1/objects/337058 (2 in a row)
met: error on 314362: HTTP 403 for https://collectionapi.metmuseum.org/public/collection/v1/objects/314362 (1 in a row)
met: error on 322114: HTTP 403 for https://collectionapi.metmuseum.org/public/collection/v1/objects/322114 (2 in a row)
met: error on 72381: HTTP 403 for https://collectionapi.metmuseum.org/public/collection/v1/objects/72381 (3 in a row)
met: error on 503396: HTTP 403 for https://collectionapi.metmuseum.org/public/collection/v1/objects/503396 (1 in a row)
met: error on 206399: HTTP 403 for https://collectionapi.metmuseum.org/public/collection/v1/objects/206399 (2 in a row)
met: error on 459086: HTTP 403 for https://collectionapi.metmuseum.org/public/collection/v1/objects/459086 (3 in a row)
met: error on 502048: HTTP 403 for https://collectionapi.metmuseum.org/public/collection/v1/objects/502048 (1 in a row)
met: error on 202718: HTTP 403 for https://collectionapi.metmuseum.org/public/collection/v1/objects/202718 (2 in a row)
met: error on 459186: HTTP 403 for https://collectionapi.metmuseum.org/public/collection/v1/objects/459186 (3 in a row)
met: error on 437532: HTTP 403 for https://collectionapi.metmuseum.org/public/collection/v1/objects/437532 (1 in a row)
met: error on 544320: HTTP 403 for https://collectionapi.metmuseum.org/public/collection/v1/objects/544320 (2 in a row)
met: error on 679629: HTTP 403 for https://collectionapi.metmuseum.org/public/collection/v1/objects/679629 (3 in a row)
met: error on 435984: HTTP 403 for https://collectionapi.metmuseum.org/public/collection/v1/objects/435984 (1 in a row)
met: error on 546746: HTTP 403 for https://collectionapi.metmuseum.org/public/collection/v1/objects/546746 (2 in a row)
met: error on 821928: HTTP 403 for https://collectionapi.metmuseum.org/public/collection/v1/objects/821928 (3 in a row)
met: error on 544227: HTTP 403 for https://collectionapi.metmuseum.org/public/collection/v1/objects/544227 (1 in a row)
met: error on 755777: HTTP 403 for https://collectionapi.metmuseum.org/public/collection/v1/objects/755777 (2 in a row)
met: error on 322903: HTTP 403 for https://collectionapi.metmuseum.org/public/collection/v1/objects/322903 (1 in a row)
met: error on 39116: HTTP 403 for https://collectionapi.metmuseum.org/public/collection/v1/objects/39116 (2 in a row)
met: error on 11764: HTTP 403 for https://collectionapi.metmuseum.org/public/collection/v1/objects/11764 (3 in a row)
met: error on 451400: HTTP 403 for https://collectionapi.metmuseum.org/public/collection/v1/objects/451400 (1 in a row)
met: error on 501767: HTTP 403 for https://collectionapi.metmuseum.org/public/collection/v1/objects/501767 (2 in a row)
met: error on 202141: HTTP 403 for https://collectionapi.metmuseum.org/public/collection/v1/objects/202141 (3 in a row)
met: error on 193606: HTTP 403 for https://collectionapi.metmuseum.org/public/collection/v1/objects/193606 (1 in a row)
met: error on 458998: HTTP 403 for https://collectionapi.metmuseum.org/public/collection/v1/objects/458998 (2 in a row)
met: error on 326695: HTTP 403 for https://collectionapi.metmuseum.org/public/collection/v1/objects/326695 (3 in a row)
met: error on 11865: HTTP 403 for https://collectionapi.metmuseum.org/public/collection/v1/objects/11865 (1 in a row)
met: error on 254595: HTTP 403 for https://collectionapi.metmuseum.org/public/collection/v1/objects/254595 (2 in a row)
met: error on 257603: HTTP 403 for https://collectionapi.metmuseum.org/public/collection/v1/objects/257603 (1 in a row)
met: error on 437447: HTTP 403 for https://collectionapi.metmuseum.org/public/collection/v1/objects/437447 (2 in a row)
met: error on 548310: HTTP 403 for https://collectionapi.metmuseum.org/public/collection/v1/objects/548310 (3 in a row)
met: error on 437835: HTTP 403 for https://collectionapi.metmuseum.org/public/collection/v1/objects/437835 (1 in a row)
met: error on 587598: HTTP 403 for https://collectionapi.metmuseum.org/public/collection/v1/objects/587598 (2 in a row)
met: error on 591853: HTTP 403 for https://collectionapi.metmuseum.org/public/collection/v1/objects/591853 (3 in a row)
met: error on 4785: HTTP 403 for https://collectionapi.metmuseum.org/public/collection/v1/objects/4785 (1 in a row)
met: error on 254502: HTTP 403 for https://collectionapi.metmuseum.org/public/collection/v1/objects/254502 (2 in a row)
met: error on 435896: HTTP 403 for https://collectionapi.metmuseum.org/public/collection/v1/objects/435896 (3 in a row)
met: error on 446563: HTTP 403 for https://collectionapi.metmuseum.org/public/collection/v1/objects/446563 (1 in a row)
met: error on 42229: HTTP 403 for https://collectionapi.metmuseum.org/public/collection/v1/objects/42229 (2 in a row)
met: error on 45432: HTTP 403 for https://collectionapi.metmuseum.org/public/collection/v1/objects/45432 (1 in a row)
met: error on 823661: HTTP 403 for https://collectionapi.metmuseum.org/public/collection/v1/objects/823661 (2 in a row)
met: error on 253348: HTTP 403 for https://collectionapi.metmuseum.org/public/collection/v1/objects/253348 (3 in a row)
met: error on 72301: HTTP 403 for https://collectionapi.metmuseum.org/public/collection/v1/objects/72301 (1 in a row)
met: error on 11287: HTTP 403 for https://collectionapi.metmuseum.org/public/collection/v1/objects/11287 (2 in a row)
met: error on 248499: HTTP 403 for https://collectionapi.metmuseum.org/public/collection/v1/objects/248499 (3 in a row)
met: error on 40001: HTTP 403 for https://collectionapi.metmuseum.org/public/collection/v1/objects/40001 (1 in a row)
met: error on 10997: HTTP 403 for https://collectionapi.metmuseum.org/public/collection/v1/objects/10997 (2 in a row)
met: error on 248696: HTTP 403 for https://collectionapi.metmuseum.org/public/collection/v1/objects/248696 (3 in a row)
met: 500/247618 fetched, 498 with images, 1.3/s, eta 3258 min
met: error on 39326: HTTP 403 for https://collectionapi.metmuseum.org/public/collection/v1/objects/39326 (1 in a row)
met: error on 701639: HTTP 403 for https://collectionapi.metmuseum.org/public/collection/v1/objects/701639 (2 in a row)
met: error on 256846: HTTP 403 for https://collectionapi.metmuseum.org/public/collection/v1/objects/256846 (3 in a row)
met: error on 36029: HTTP 403 for https://collectionapi.metmuseum.org/public/collection/v1/objects/36029 (1 in a row)
met: error on 717547: HTTP 403 for https://collectionapi.metmuseum.org/public/collection/v1/objects/717547 (2 in a row)
met: error on 242006: HTTP 403 for https://collectionapi.metmuseum.org/public/collection/v1/objects/242006 (3 in a row)
met: error on 6635: HTTP 403 for https://collectionapi.metmuseum.org/public/collection/v1/objects/6635 (1 in a row)
met: error on 239584: HTTP 403 for https://collectionapi.metmuseum.org/public/collection/v1/objects/239584 (2 in a row)
met: error on 435621: HTTP 403 for https://collectionapi.metmuseum.org/public/collection/v1/objects/435621 (3 in a row)
met: error on 21185: HTTP 403 for https://collectionapi.metmuseum.org/public/collection/v1/objects/21185 (1 in a row)
met: error on 435817: HTTP 403 for https://collectionapi.metmuseum.org/public/collection/v1/objects/435817 (2 in a row)
met: error on 591868: HTTP 403 for https://collectionapi.metmuseum.org/public/collection/v1/objects/591868 (3 in a row)
met: error on 892571: HTTP 403 for https://collectionapi.metmuseum.org/public/collection/v1/objects/892571 (1 in a row)
met: error on 453183: HTTP 403 for https://collectionapi.metmuseum.org/public/collection/v1/objects/453183 (2 in a row)
met: error on 751500: HTTP 403 for https://collectionapi.metmuseum.org/public/collection/v1/objects/751500 (1 in a row)
met: error on 680821: HTTP 403 for https://collectionapi.metmuseum.org/public/collection/v1/objects/680821 (2 in a row)
met: error on 38945: HTTP 403 for https://collectionapi.metmuseum.org/public/collection/v1/objects/38945 (3 in a row)
met: error on 60870: HTTP 403 for https://collectionapi.metmuseum.org/public/collection/v1/objects/60870 (1 in a row)
met: error on 687677: HTTP 403 for https://collectionapi.metmuseum.org/public/collection/v1/objects/687677 (2 in a row)
met: error on 751505: HTTP 403 for https://collectionapi.metmuseum.org/public/collection/v1/objects/751505 (1 in a row)
met: error on 700238: HTTP 403 for https://collectionapi.metmuseum.org/public/collection/v1/objects/700238 (2 in a row)
met: error on 37886: HTTP 403 for https://collectionapi.metmuseum.org/public/collection/v1/objects/37886 (3 in a row)
met: error on 747045: HTTP 403 for https://collectionapi.metmuseum.org/public/collection/v1/objects/747045 (1 in a row)
met: error on 39346: HTTP 403 for https://collectionapi.metmuseum.org/public/collection/v1/objects/39346 (2 in a row)
met: error on 751507: HTTP 403 for https://collectionapi.metmuseum.org/public/collection/v1/objects/751507 (3 in a row)
met: error on 17897: HTTP 403 for https://collectionapi.metmuseum.org/public/collection/v1/objects/17897 (1 in a row)
met: error on 40123: HTTP 403 for https://collectionapi.metmuseum.org/public/collection/v1/objects/40123 (2 in a row)
met: error on 751508: HTTP 403 for https://collectionapi.metmuseum.org/public/collection/v1/objects/751508 (3 in a row)
met: error on 38965: HTTP 403 for https://collectionapi.metmuseum.org/public/collection/v1/objects/38965 (1 in a row)
met: error on 635401: HTTP 403 for https://collectionapi.metmuseum.org/public/collection/v1/objects/635401 (2 in a row)
met: error on 677426: HTTP 403 for https://collectionapi.metmuseum.org/public/collection/v1/objects/677426 (1 in a row)
met: error on 11985: HTTP 403 for https://collectionapi.metmuseum.org/public/collection/v1/objects/11985 (2 in a row)
met: error on 36451: HTTP 403 for https://collectionapi.metmuseum.org/public/collection/v1/objects/36451 (3 in a row)
met: error on 36457: HTTP 403 for https://collectionapi.metmuseum.org/public/collection/v1/objects/36457 (1 in a row)
met: error on 13345: HTTP 403 for https://collectionapi.metmuseum.org/public/collection/v1/objects/13345 (2 in a row)
met: error on 38011: HTTP 403 for https://collectionapi.metmuseum.org/public/collection/v1/objects/38011 (3 in a row)
met: error on 38788: HTTP 403 for https://collectionapi.metmuseum.org/public/collection/v1/objects/38788 (1 in a row)
met: error on 751516: HTTP 403 for https://collectionapi.metmuseum.org/public/collection/v1/objects/751516 (2 in a row)
met: error on 42183: HTTP 403 for https://collectionapi.metmuseum.org/public/collection/v1/objects/42183 (3 in a row)
