
=== Rijksmuseum (rijks) ===
rijks: 74 windows to harvest (cap 80000, have 0)
rijks 2026-06-08T00: done, 0 kept of 0
rijks 2026-06-08T04: done, 0 kept of 0
rijks 2026-06-08T03: done, 0 kept of 0
rijks 2026-06-08T01: done, 0 kept of 0
rijks 2026-06-08T02: done, 0 kept of 0
rijks 2026-06-08T06: done, 0 kept of 0
rijks 2026-06-08T09: done, 0 kept of 0
rijks 2026-06-08T10: done, 0 kept of 0
rijks 2026-06-08T11: done, 0 kept of 0
rijks 2026-06-08T12: done, 0 kept of 0
rijks 2026-06-08T13: done, 0 kept of 0
rijks 2026-06-08T08: done, 0 kept of 0
rijks 2026-06-08T05: done, 0 kept of 0
rijks 2026-06-08T07: done, 0 kept of 0
rijks 2026-06-08T14: done, 0 kept of 0
rijks 2026-06-08T15: done, 0 kept of 0
rijks 2026-06-08T16: done, 0 kept of 0
rijks 2026-06-08T17: done, 0 kept of 0
rijks 2026-06-08T18: done, 0 kept of 0
rijks 2026-06-08T19: done, 0 kept of 0
rijks 2026-06-08T20: done, 0 kept of 0
rijks 2026-06-08T22: done, 0 kept of 0
rijks 2026-06-08T21: done, 0 kept of 0
rijks 2026-06-08T23: done, 0 kept of 0
rijks 2026-06-09T00: done, 0 kept of 0
rijks 2026-06-09T01: done, 0 kept of 0
rijks 2026-06-09T02: done, 0 kept of 0
rijks 2026-06-09T03: done, 0 kept of 0
rijks 2026-06-09T05: done, 0 kept of 0
rijks 2026-06-09T04: done, 0 kept of 0
rijks 2026-06-09T09: done, 0 kept of 0
rijks 2026-06-09T10: done, 0 kept of 0
rijks 2026-06-09T07: done, 0 kept of 0
rijks 2026-06-09T06: done, 0 kept of 0
rijks 2026-06-09T08: done, 0 kept of 0
rijks 2026-06-09T12: done, 0 kept of 0
rijks 2026-06-09T11: done, 0 kept of 0
rijks 2026-06-09T14: done, 0 kept of 0
rijks 2026-06-09T15: done, 0 kept of 0
rijks 2026-06-09T13: done, 0 kept of 0
rijks 2026-06-09T16: done, 0 kept of 0
rijks 2026-06-09T20: 1000/24180 seen, 998 PD kept
rijks 2026-06-09T17: 1000/2385 seen, 927 PD kept
rijks 2026-06-09T18: 1000/2044 seen, 855 PD kept
rijks 2026-06-09T19: 1000/15574 seen, 908 PD kept
rijks 1900-01-01T00: 1000/841291 seen, 917 PD kept
rijks 2026-06-09T21: 1000/27455 seen, 998 PD kept
rijks 2026-06-09T19: 2000/15574 seen, 1902 PD kept
rijks 1900-01-01T00: 2000/841291 seen, 1620 PD kept
rijks 2026-06-09T21: 2000/27455 seen, 1995 PD kept
rijks 2026-06-09T17: 2000/2385 seen, 1881 PD kept
rijks 2026-06-09T20: 2000/24180 seen, 1996 PD kept
rijks 2026-06-09T18: 2000/2044 seen, 1730 PD kept
rijks 2026-06-09T18: done, 1768 kept of 2045
rijks 2026-06-09T17: done, 2252 kept of 2385
rijks 2026-06-09T19: 3000/15574 seen, 2900 PD kept
rijks 2026-06-09T21: 3000/27455 seen, 2995 PD kept
rijks 2026-06-09T20: 3000/24180 seen, 2996 PD kept
rijks 1900-01-01T00: 3000/841291 seen, 1688 PD kept
rijks 2026-06-09T22: 1000/40076 seen, 1000 PD kept
rijks 2026-06-09T23: 1000/82704 seen, 887 PD kept
rijks 2026-06-09T19: 4000/15574 seen, 3883 PD kept
rijks 2026-06-09T21: 4000/27455 seen, 3994 PD kept
rijks 2026-06-09T20: 4000/24180 seen, 3988 PD kept
rijks 1900-01-01T00: 4000/841291 seen, 1766 PD kept
rijks 2026-06-09T22: 2000/40076 seen, 2000 PD kept
rijks 2026-06-09T23: 2000/82704 seen, 1886 PD kept
rijks 2026-06-09T19: 5000/15574 seen, 4860 PD kept
rijks 2026-06-09T21: 5000/27455 seen, 4993 PD kept
rijks 2026-06-09T20: 5000/24180 seen, 4981 PD kept
rijks 1900-01-01T00: 5000/841291 seen, 2064 PD kept
rijks 2026-06-09T22: 3000/40076 seen, 2995 PD kept
rijks 2026-06-09T23: 3000/82704 seen, 2886 PD kept
rijks 2026-06-09T19: 6000/15574 seen, 5839 PD kept
rijks 2026-06-09T20: 6000/24180 seen, 5981 PD kept
rijks 2026-06-09T21: 6000/27455 seen, 5993 PD kept
rijks 2026-06-09T22: 4000/40076 seen, 3990 PD kept
rijks 1900-01-01T00: 6000/841291 seen, 2618 PD kept
rijks 2026-06-09T23: 4000/82704 seen, 3881 PD kept
rijks 2026-06-09T20: 7000/24180 seen, 6981 PD kept
rijks 2026-06-09T19: 7000/15574 seen, 6838 PD kept
rijks 2026-06-09T21: 7000/27455 seen, 6991 PD kept
rijks 2026-06-09T22: 5000/40076 seen, 4990 PD kept
rijks 1900-01-01T00: 7000/841291 seen, 3428 PD kept
rijks 2026-06-09T23: 5000/82704 seen, 4881 PD kept
rijks 2026-06-09T20: 8000/24180 seen, 7971 PD kept
rijks 2026-06-09T19: 8000/15574 seen, 7837 PD kept
rijks 2026-06-09T21: 8000/27455 seen, 7990 PD kept
rijks 2026-06-09T22: 6000/40076 seen, 5989 PD kept
rijks 2026-06-09T23: 6000/82704 seen, 5881 PD kept
rijks 2026-06-09T19: 9000/15574 seen, 8837 PD kept
rijks 2026-06-09T20: 9000/24180 seen, 8928 PD kept
rijks 1900-01-01T00: 8000/841291 seen, 4347 PD kept
rijks 2026-06-09T21: 9000/27455 seen, 8990 PD kept
rijks 2026-06-09T22: 7000/40076 seen, 6989 PD kept
rijks 2026-06-09T19: 10000/15574 seen, 9837 PD kept
rijks 2026-06-09T23: 7000/82704 seen, 6880 PD kept
rijks 2026-06-09T20: 10000/24180 seen, 9902 PD kept
rijks 2026-06-09T21: 10000/27455 seen, 9982 PD kept
rijks 1900-01-01T00: 9000/841291 seen, 5160 PD kept
rijks 2026-06-09T22: 8000/40076 seen, 7989 PD kept
rijks 2026-06-09T19: 11000/15574 seen, 10837 PD kept
rijks 2026-06-09T20: 11000/24180 seen, 10875 PD kept
rijks 2026-06-09T23: 8000/82704 seen, 7880 PD kept
rijks 2026-06-09T21: 11000/27455 seen, 10979 PD kept
rijks 1900-01-01T00: 10000/841291 seen, 5898 PD kept
rijks 2026-06-09T19: 12000/15574 seen, 11836 PD kept
rijks 2026-06-09T22: 9000/40076 seen, 8989 PD kept
rijks 2026-06-09T20: 12000/24180 seen, 11810 PD kept
rijks 2026-06-09T23: 9000/82704 seen, 8880 PD kept
rijks 2026-06-09T21: 12000/27455 seen, 11975 PD kept
rijks 1900-01-01T00: 11000/841291 seen, 6723 PD kept
rijks 2026-06-09T19: 13000/15574 seen, 12834 PD kept
rijks 2026-06-09T22: 10000/40076 seen, 9989 PD kept
rijks 2026-06-09T20: 13000/24180 seen, 12809 PD kept
rijks 2026-06-09T23: 10000/82704 seen, 9880 PD kept
rijks 2026-06-09T21: 13000/27455 seen, 12975 PD kept
rijks 2026-06-09T22: 11000/40076 seen, 10989 PD kept
rijks 2026-06-09T19: 14000/15574 seen, 13824 PD kept
rijks 1900-01-01T00: 12000/841291 seen, 7506 PD kept
rijks 2026-06-09T20: 14000/24180 seen, 13699 PD kept
rijks 2026-06-09T23: 11000/82704 seen, 10879 PD kept
rijks 2026-06-09T21: 14000/27455 seen, 13975 PD kept
rijks 2026-06-09T22: 12000/40076 seen, 11988 PD kept
rijks 2026-06-09T19: 15000/15574 seen, 14824 PD kept
rijks 2026-06-09T20: 15000/24180 seen, 14695 PD kept
rijks 2026-06-09T22:00:00Z: terminated; pausing 30s
rijks 1900-01-01T00: 13000/841291 seen, 8302 PD kept
rijks 2026-06-09T23: 12000/82704 seen, 11879 PD kept
rijks 2026-06-09T19: done, 15388 kept of 15574
rijks 2026-06-09T21: 15000/27455 seen, 14974 PD kept
rijks: 80295 records staged
--- rijks: 80345 records in staging (379s)
