
=== Rijksmuseum (rijks) ===
rijks: 30 windows to harvest (cap 230000, have 80345)
rijks 2026-06-09T20: 16500/24180 seen, 16189 PD kept
rijks 2026-06-09T21: 16000/27455 seen, 15974 PD kept
rijks 2026-06-10T00: 1000/65297 seen, 770 PD kept
rijks 2026-06-09T23: 13250/82704 seen, 13110 PD kept
rijks 2026-06-09T22: 13250/40076 seen, 13238 PD kept
rijks 2026-06-10T02: 1000/65241 seen, 781 PD kept
rijks 2026-06-10T01: 1000/71756 seen, 870 PD kept
rijks 1900-01-01T00: 14250/841291 seen, 9370 PD kept
rijks 2026-06-09T20: 17500/24180 seen, 17189 PD kept
rijks 2026-06-09T21: 17000/27455 seen, 16974 PD kept
rijks 2026-06-10T00: 2000/65297 seen, 1630 PD kept
rijks 2026-06-09T22: 14250/40076 seen, 14238 PD kept
rijks 2026-06-10T02: 2000/65241 seen, 1593 PD kept
rijks 2026-06-09T23: 14250/82704 seen, 14110 PD kept
rijks 2026-06-10T01: 2000/71756 seen, 1741 PD kept
rijks 1900-01-01T00: 15250/841291 seen, 10121 PD kept
rijks 2026-06-09T20: 18500/24180 seen, 18189 PD kept
rijks 2026-06-09T21: 18000/27455 seen, 17974 PD kept
rijks 2026-06-09T22: 15250/40076 seen, 15236 PD kept
rijks 2026-06-10T00: 3000/65297 seen, 2328 PD kept
rijks 2026-06-10T02: 3000/65241 seen, 2363 PD kept
rijks 2026-06-10T01: 3000/71756 seen, 2690 PD kept
rijks 2026-06-09T23: 15250/82704 seen, 15109 PD kept
rijks 1900-01-01T00: 16250/841291 seen, 10947 PD kept
rijks 2026-06-09T20: 19500/24180 seen, 19189 PD kept
rijks 2026-06-09T21: 19000/27455 seen, 18974 PD kept
rijks 2026-06-10T00: 4000/65297 seen, 3206 PD kept
rijks 2026-06-09T22: 16250/40076 seen, 16236 PD kept
rijks 2026-06-10T02: 4000/65241 seen, 3300 PD kept
rijks 2026-06-10T01: 4000/71756 seen, 3690 PD kept
rijks 2026-06-09T23: 16250/82704 seen, 16108 PD kept
rijks 1900-01-01T00: 17250/841291 seen, 11856 PD kept
rijks 2026-06-09T20: 20500/24180 seen, 20187 PD kept
rijks 2026-06-09T21: 20000/27455 seen, 19974 PD kept
rijks 2026-06-09T22: 17250/40076 seen, 17235 PD kept
rijks 2026-06-10T00: 5000/65297 seen, 4190 PD kept
rijks 2026-06-10T02: 5000/65241 seen, 4272 PD kept
rijks 2026-06-10T01: 5000/71756 seen, 4689 PD kept
rijks 2026-06-09T23: 17250/82704 seen, 17105 PD kept
rijks 2026-06-09T20: 21500/24180 seen, 21187 PD kept
rijks 1900-01-01T00: 18250/841291 seen, 12801 PD kept
rijks 2026-06-09T22: 18250/40076 seen, 18235 PD kept
rijks 2026-06-09T21: 21000/27455 seen, 20974 PD kept
rijks 2026-06-10T00: 6000/65297 seen, 5155 PD kept
rijks 2026-06-10T02: 6000/65241 seen, 5068 PD kept
rijks 2026-06-10T01: 6000/71756 seen, 5688 PD kept
rijks 2026-06-09T20: 22500/24180 seen, 22178 PD kept
rijks 2026-06-09T23: 18250/82704 seen, 18105 PD kept
rijks 1900-01-01T00: 19250/841291 seen, 13766 PD kept
rijks 2026-06-09T22: 19250/40076 seen, 19235 PD kept
rijks 2026-06-09T21: 22000/27455 seen, 21973 PD kept
rijks 2026-06-10T00: 7000/65297 seen, 6094 PD kept
rijks 2026-06-10T02: 7000/65241 seen, 5922 PD kept
rijks 2026-06-09T20: 23500/24180 seen, 23177 PD kept
rijks 2026-06-10T01: 7000/71756 seen, 6687 PD kept
rijks 1900-01-01T00: 20250/841291 seen, 14712 PD kept
rijks 2026-06-09T23: 19250/82704 seen, 19103 PD kept
rijks 2026-06-09T22: 20250/40076 seen, 20234 PD kept
rijks 2026-06-09T21: 23000/27455 seen, 22972 PD kept
rijks 2026-06-10T00: 8000/65297 seen, 6961 PD kept
rijks 2026-06-09T20: done, 23854 kept of 24181
rijks 2026-06-10T02: 8000/65241 seen, 6860 PD kept
rijks 2026-06-09T21: 24000/27455 seen, 23972 PD kept
rijks 2026-06-09T23: 20250/82704 seen, 20098 PD kept
rijks 2026-06-10T01: 8000/71756 seen, 7568 PD kept
rijks 1900-01-01T00: 21250/841291 seen, 15670 PD kept
rijks 2026-06-09T22: 21250/40076 seen, 21233 PD kept
rijks 2026-06-10T00: 9000/65297 seen, 7652 PD kept
rijks 2026-06-10T03: 1000/73197 seen, 816 PD kept
rijks 2026-06-10T02: 9000/65241 seen, 7774 PD kept
rijks 2026-06-09T21: 25000/27455 seen, 24972 PD kept
rijks 2026-06-10T01: 9000/71756 seen, 8316 PD kept
rijks 2026-06-09T23: 21250/82704 seen, 21098 PD kept
rijks 2026-06-09T22: 22250/40076 seen, 22233 PD kept
rijks 2026-06-10T00: 10000/65297 seen, 8520 PD kept
rijks 2026-06-10T03: 2000/73197 seen, 1672 PD kept
rijks 1900-01-01T00: 22250/841291 seen, 16632 PD kept
rijks 2026-06-10T02: 10000/65241 seen, 8715 PD kept
rijks 2026-06-09T21: 26000/27455 seen, 25972 PD kept
rijks 2026-06-10T01: 10000/71756 seen, 9130 PD kept
rijks 2026-06-09T23: 22250/82704 seen, 22097 PD kept
rijks 2026-06-10T00: 11000/65297 seen, 9303 PD kept
rijks 2026-06-09T22: 23250/40076 seen, 23232 PD kept
rijks 2026-06-10T03: 3000/73197 seen, 2556 PD kept
rijks 1900-01-01T00: 23250/841291 seen, 17599 PD kept
rijks 2026-06-10T02: 11000/65241 seen, 9677 PD kept
rijks 2026-06-09T21: 27000/27455 seen, 26970 PD kept
rijks 2026-06-10T01: 11000/71756 seen, 10102 PD kept
rijks 2026-06-09T21: done, 27419 kept of 27449
rijks 2026-06-09T22: 24250/40076 seen, 24232 PD kept
rijks 2026-06-09T23: 23250/82704 seen, 23093 PD kept
rijks 2026-06-10T00: 12000/65297 seen, 10262 PD kept
rijks 2026-06-10T03: 4000/73197 seen, 3275 PD kept
rijks 1900-01-01T00: 24250/841291 seen, 18522 PD kept
rijks 2026-06-10T02: 12000/65241 seen, 10653 PD kept
rijks 2026-06-10T04: 1000/71606 seen, 0 PD kept
rijks 2026-06-10T01: 12000/71756 seen, 11098 PD kept
rijks 2026-06-09T22: 25250/40076 seen, 25232 PD kept
rijks 2026-06-09T23: 24250/82704 seen, 24092 PD kept
rijks 2026-06-10T00: 13000/65297 seen, 11249 PD kept
rijks 2026-06-10T03: 5000/73197 seen, 4174 PD kept
rijks 1900-01-01T00: 25250/841291 seen, 19433 PD kept
rijks 2026-06-10T02: 13000/65241 seen, 11582 PD kept
rijks 2026-06-10T04: 2000/71606 seen, 235 PD kept
rijks 2026-06-10T01: 13000/71756 seen, 12072 PD kept
rijks 2026-06-09T22: 26250/40076 seen, 26231 PD kept
rijks 2026-06-10T00: 14000/65297 seen, 12210 PD kept
rijks 2026-06-10T03: 6000/73197 seen, 5080 PD kept
rijks 2026-06-09T23: 25250/82704 seen, 25051 PD kept
rijks 2026-06-10T02: 14000/65241 seen, 12532 PD kept
rijks 1900-01-01T00: 26250/841291 seen, 20337 PD kept
rijks 2026-06-10T01: 14000/71756 seen, 12986 PD kept
rijks 2026-06-10T04: 3000/71606 seen, 1195 PD kept
rijks 2026-06-09T22: 27250/40076 seen, 27231 PD kept
rijks 2026-06-10T00: 15000/65297 seen, 13196 PD kept
rijks 2026-06-10T03: 7000/73197 seen, 5875 PD kept
rijks 2026-06-09T23: 26250/82704 seen, 26049 PD kept
rijks 2026-06-10T02: 15000/65241 seen, 13479 PD kept
rijks 1900-01-01T00: 27250/841291 seen, 21247 PD kept
rijks 2026-06-10T01: 15000/71756 seen, 13634 PD kept
rijks 2026-06-10T04: 4000/71606 seen, 2193 PD kept
rijks 2026-06-09T22: 28250/40076 seen, 28230 PD kept
rijks 2026-06-10T00: 16000/65297 seen, 14150 PD kept
rijks 2026-06-10T03: 8000/73197 seen, 6622 PD kept
rijks 2026-06-09T23: 27250/82704 seen, 27047 PD kept
rijks 2026-06-10T02: 16000/65241 seen, 14388 PD kept
rijks 1900-01-01T00: 28250/841291 seen, 22154 PD kept
rijks 2026-06-10T04: 5000/71606 seen, 3180 PD kept
rijks 2026-06-10T01: 16000/71756 seen, 14384 PD kept
rijks 2026-06-09T22: 29250/40076 seen, 29230 PD kept
rijks 2026-06-10T00: 17000/65297 seen, 14927 PD kept
rijks 2026-06-10T03: 9000/73197 seen, 7480 PD kept
rijks 2026-06-09T23: 28250/82704 seen, 28041 PD kept
rijks 2026-06-10T02: 17000/65241 seen, 15184 PD kept
rijks 2026-06-10T04: 6000/71606 seen, 4174 PD kept
rijks 2026-06-10T01: 17000/71756 seen, 15329 PD kept
rijks 1900-01-01T00: 29250/841291 seen, 23075 PD kept
rijks 2026-06-09T22: 30250/40076 seen, 30230 PD kept
rijks 2026-06-10T03: 10000/73197 seen, 8427 PD kept
rijks 2026-06-10T00: 18000/65297 seen, 15906 PD kept
rijks 2026-06-09T23: 29250/82704 seen, 29035 PD kept
rijks 2026-06-10T02: 18000/65241 seen, 16120 PD kept
rijks 2026-06-09T22: 31250/40076 seen, 31230 PD kept
rijks 2026-06-10T04: 7000/71606 seen, 5139 PD kept
rijks 2026-06-10T01: 18000/71756 seen, 16150 PD kept
rijks 2026-06-10T03: 11000/73197 seen, 9264 PD kept
rijks 2026-06-10T00: 19000/65297 seen, 16900 PD kept
rijks 1900-01-01T00: 30250/841291 seen, 24026 PD kept
rijks 2026-06-09T23: 30250/82704 seen, 29990 PD kept
rijks 2026-06-10T02: 19000/65241 seen, 17019 PD kept
rijks 2026-06-10T04: 8000/71606 seen, 6050 PD kept
rijks 2026-06-09T22: 32250/40076 seen, 32229 PD kept
rijks 2026-06-10T01: 19000/71756 seen, 17029 PD kept
rijks 2026-06-10T03: 12000/73197 seen, 9963 PD kept
rijks 2026-06-10T00: 20000/65297 seen, 17884 PD kept
rijks 1900-01-01T00: 31250/841291 seen, 24996 PD kept
rijks 2026-06-09T23: 31250/82704 seen, 30990 PD kept
rijks 2026-06-10T02: 20000/65241 seen, 17873 PD kept
rijks 2026-06-10T04: 9000/71606 seen, 6961 PD kept
rijks 2026-06-09T22: 33250/40076 seen, 33229 PD kept
rijks 2026-06-10T03: 13000/73197 seen, 10555 PD kept
rijks 2026-06-10T00: 21000/65297 seen, 18879 PD kept
rijks 2026-06-10T01: 20000/71756 seen, 17938 PD kept
rijks 1900-01-01T00: 32250/841291 seen, 25977 PD kept
rijks 2026-06-09T23: 32250/82704 seen, 31983 PD kept
rijks 2026-06-10T02: 21000/65241 seen, 18853 PD kept
rijks 2026-06-10T04: 10000/71606 seen, 7842 PD kept
rijks 2026-06-09T22: 34250/40076 seen, 34228 PD kept
rijks 2026-06-10T03: 14000/73197 seen, 11436 PD kept
rijks 2026-06-10T00: 22000/65297 seen, 19872 PD kept
rijks 2026-06-10T01: 21000/71756 seen, 18698 PD kept
rijks 2026-06-09T23: 33250/82704 seen, 32980 PD kept
rijks 1900-01-01T00: 33250/841291 seen, 26964 PD kept
rijks 2026-06-10T02: 22000/65241 seen, 19738 PD kept
rijks 2026-06-10T04: 11000/71606 seen, 8663 PD kept
rijks 2026-06-10T03: 15000/73197 seen, 12293 PD kept
rijks 2026-06-09T22: 35250/40076 seen, 35228 PD kept
rijks 2026-06-10T01: 22000/71756 seen, 19437 PD kept
rijks 2026-06-10T00: 23000/65297 seen, 20870 PD kept
rijks: 230492 records staged
--- rijks: 230592 records in staging (236s)
